Build started 05/09/2026 12:21:43.
     1>Project "C:\repos\dotnet-efcore-mcp.worktrees\remove-legacy-query-update-docs\dotnet-efcore-mcp.slnx" on node 1 (VSTest target(s)).
     1>ValidateSolutionConfiguration:
         Building solution configuration "Release|Any CPU".
Test run for C:\repos\dotnet-efcore-mcp.worktrees\remove-legacy-query-update-docs\tests\DotnetEfCoreMcp.Server.Tests\bin\Release\net10.0\DotnetEfCoreMcp.Server.Tests.dll (.NETCoreApp,Version=v10.0)
A total of 1 test files matched the specified pattern.
[xUnit.net 00:00:00.00] xUnit.net VSTest Adapter v3.1.4+50e68bbb8b (64-bit .NET 10.0.11)
[xUnit.net 00:00:00.07]   Discovering: DotnetEfCoreMcp.Server.Tests
[xUnit.net 00:00:00.13]   Discovered:  DotnetEfCoreMcp.Server.Tests
[xUnit.net 00:00:00.16]   Starting:    DotnetEfCoreMcp.Server.Tests
  Passed DotnetEfCoreMcp.Server.Tests.Connections.ConnectionHealthCheckerTests.CheckAsync_WhenCallerTokenIsAlreadyCancelled_PropagatesCancellationImmediately [8 ms]
  Passed DotnetEfCoreMcp.Server.Tests.DbContextDiscovery.DbContextActivatorTests.CreateInstance_UnsupportedShapeContextWithMigrationsAssembly_ReportsNoSupportedConstructionPath [20 ms]
  Passed DotnetEfCoreMcp.Server.Tests.Connections.ProviderInferenceTests.TryInfer_NoKnownProviderReference_FailsWithActionableError [25 ms]
  Passed DotnetEfCoreMcp.Server.Tests.Schema.SchemaSlicerTests.Search_MatchesNavigationName [25 ms]
  Passed DotnetEfCoreMcp.Server.Tests.Schema.SchemaSlicerTests.Search_MatchesEntityNameCaseInsensitively [1 ms]
  Passed DotnetEfCoreMcp.Server.Tests.Schema.ConnectionSchemaAccessPolicyTests.Apply_DoesNotMutateSharedCachedSchemaInstance [28 ms]
  Passed DotnetEfCoreMcp.Server.Tests.Connections.ConnectionRegistryTests.SetActive_NonProductionConnection_ChangesActiveConnection [28 ms]
  Passed DotnetEfCoreMcp.Server.Tests.Connections.ConnectionRegistryTests.Constructor_WithOnlyProductionConnections_HasNoActiveConnection [< 1 ms]
  Passed DotnetEfCoreMcp.Server.Tests.Schema.ConnectionSchemaAccessPolicyTests.Apply_ExcludedBaseEntity_IsStrippedFromBaseEntityName [< 1 ms]
  Passed DotnetEfCoreMcp.Server.Tests.Schema.SchemaSlicerTests.Search_HonorsAPolicyThatFiltersOutEntities [1 ms]
  Passed DotnetEfCoreMcp.Server.Tests.Connections.ConnectionRegistryTests.TryGet_UnknownConnection_ReturnsFalseRatherThanThrowing [< 1 ms]
  Passed DotnetEfCoreMcp.Server.Tests.Schema.ConnectionSchemaAccessPolicyTests.Apply_WithBlanketContextAllow_ReturnsEveryEntityUnchanged [< 1 ms]
  Passed DotnetEfCoreMcp.Server.Tests.Connections.ConnectionRegistryTests.Constructor_InvalidCommandTimeoutSeconds_ThrowsConfigurationException(commandTimeoutSeconds: "0") [< 1 ms]
  Passed DotnetEfCoreMcp.Server.Tests.Connections.ConnectionRegistryTests.Constructor_InvalidCommandTimeoutSeconds_ThrowsConfigurationException(commandTimeoutSeconds: "not-a-number") [< 1 ms]
  Passed DotnetEfCoreMcp.Server.Tests.Connections.ConnectionRegistryTests.Constructor_InvalidCommandTimeoutSeconds_ThrowsConfigurationException(commandTimeoutSeconds: "-1") [< 1 ms]
  Passed DotnetEfCoreMcp.Server.Tests.Connections.ProviderInferenceTests.TryInfer_MultipleKnownProviderReferences_FailsWithActionableError [4 ms]
  Passed DotnetEfCoreMcp.Server.Tests.Schema.ConnectionSchemaAccessPolicyTests.Apply_WithNoAllowedEntities_ReturnsEmptySchema [< 1 ms]
  Passed DotnetEfCoreMcp.Server.Tests.Connections.ConnectionRegistryTests.Constructor_InvalidAccessMode_ThrowsConfigurationException [< 1 ms]
  Passed DotnetEfCoreMcp.Server.Tests.AssemblyLoading.AssemblyDiscoveryServiceTests.Discover_ReturnsEmptyWhenProjectsHaveNotBeenBuilt [32 ms]
  Passed DotnetEfCoreMcp.Server.Tests.Schema.ConnectionSchemaAccessPolicyTests.Apply_ExcludedRelatedEntity_IsStrippedFromForeignKeysAndNavigations [< 1 ms]
  Passed DotnetEfCoreMcp.Server.Tests.Schema.SchemaSlicerTests.Search_DoesNotReturnFullEntityDefinitions [2 ms]
  Passed DotnetEfCoreMcp.Server.Tests.Schema.ConnectionSchemaAccessPolicyTests.Apply_WithNullContextFullName_DeniesEveryEntity [< 1 ms]
  Passed DotnetEfCoreMcp.Server.Tests.Schema.ConnectionSchemaAccessPolicyTests.Apply_WithOnlyOneEntityAllowed_ExcludesEveryOtherEntity [< 1 ms]
  Passed DotnetEfCoreMcp.Server.Tests.Schema.SchemaSlicerTests.FindEntity_WithExactName_ReturnsCompleteSlice [< 1 ms]
  Passed DotnetEfCoreMcp.Server.Tests.Connections.ConnectionRegistryTests.SetActive_ProductionConnectionWithAcknowledgment_ChangesActiveConnection [3 ms]
  Passed DotnetEfCoreMcp.Server.Tests.Schema.SchemaSlicerTests.Search_MatchesPropertyAndRelationshipNames [2 ms]
  Passed DotnetEfCoreMcp.Server.Tests.Connections.ConnectionRegistryTests.Constructor_MissingConnectionString_ThrowsConfigurationException [< 1 ms]
  Passed DotnetEfCoreMcp.Server.Tests.Connections.ConnectionRegistryTests.Constructor_DefaultsActiveConnectionToFirstNonProductionConnection [< 1 ms]
  Passed DotnetEfCoreMcp.Server.Tests.Schema.SchemaSlicerTests.Search_WithNoMatches_ReturnsEmptyResultAndZeroTotal [< 1 ms]
  Passed DotnetEfCoreMcp.Server.Tests.Schema.SchemaSlicerTests.FindEntity_IsCaseSensitive [< 1 ms]
  Passed DotnetEfCoreMcp.Server.Tests.Schema.SchemaSlicerTests.FindEntity_WithUnknownName_ReturnsNull [< 1 ms]
  Passed DotnetEfCoreMcp.Server.Tests.Schema.SchemaSlicerTests.Search_AndFindEntity_RouteThroughTheSuppliedPolicy [< 1 ms]
  Passed DotnetEfCoreMcp.Server.Tests.Schema.SchemaSlicerTests.Search_CapsResultsAtMaxResultsAndReportsTotalMatchCount [2 ms]
  Passed DotnetEfCoreMcp.Server.Tests.Connections.ConnectionRegistryTests.ListConnections_ReturnsRedactedMetadataAndMarksActiveConnection [4 ms]
  Passed DotnetEfCoreMcp.Server.Tests.Connections.ConnectionRegistryTests.Constructor_ProductionConnection_ForcesReadOnlyAccessMode [11 ms]
  Passed DotnetEfCoreMcp.Server.Tests.Schema.SchemaSlicerTests.Search_ResultsAreOrderedDeterministicallyByEntityName [4 ms]
  Passed DotnetEfCoreMcp.Server.Tests.Connections.ConnectionRegistryTests.Constructor_UnsupportedProvider_ThrowsConfigurationException [< 1 ms]
  Passed DotnetEfCoreMcp.Server.Tests.Connections.ConnectionAccessPolicyTests.IsContextAllowed_DistinctFromIsContextReachable_RequiresBlanketAllow [1 ms]
  Passed DotnetEfCoreMcp.Server.Tests.Connections.ConnectionAccessPolicyTests.IsEntityAllowed_OnlyDenyMatches_DeniesByDefault [< 1 ms]
  Passed DotnetEfCoreMcp.Server.Tests.Connections.ConnectionRegistryTests.Constructor_InvalidEnvironment_ThrowsConfigurationException [< 1 ms]
  Passed DotnetEfCoreMcp.Server.Tests.Connections.ConnectionAccessPolicyTests.IsContextReachable_WithNullContextFullName_ReturnsFalse [< 1 ms]
  Passed DotnetEfCoreMcp.Server.Tests.Connections.ConnectionAccessPolicyTests.IsEntityAllowed_WithNarrowerEntityAllow_AllowsOnlyThatEntity [< 1 ms]
  Passed DotnetEfCoreMcp.Server.Tests.Connections.ConnectionAccessPolicyTests.EntitySelector_TryParse_RejectsMalformedSelectors [< 1 ms]
  Passed DotnetEfCoreMcp.Server.Tests.Connections.ConnectionAccessPolicyTests.IsEntityAllowed_WithNullContextFullName_ReturnsFalse [2 ms]
  Passed DotnetEfCoreMcp.Server.Tests.Connections.ConnectionAccessPolicyTests.IsContextReachable_WithOnlyEntityLevelAllow_ReturnsTrueForThatContext [< 1 ms]
  Passed DotnetEfCoreMcp.Server.Tests.Connections.ConnectionRegistryTests.Get_UnknownConnection_ThrowsUnknownConnectionExceptionListingKnownNames [4 ms]
  Passed DotnetEfCoreMcp.Server.Tests.AssemblyLoading.AssemblyDiscoveryServiceTests.Discover_UsesNewestDebugOutputAcrossProjectsThenHighestTargetFramework [28 ms]
  Passed DotnetEfCoreMcp.Server.Tests.Connections.ConnectionRegistryTests.Entry_ToString_NeverIncludesRawConnectionString [2 ms]
  Passed DotnetEfCoreMcp.Server.Tests.Connections.ConnectionAccessPolicyTests.EnsureResolvable_UnresolvedEntitySelector_ThrowsConfigurationException [6 ms]
  Passed DotnetEfCoreMcp.Server.Tests.Connections.ConnectionAccessPolicyTests.EntitySelector_TryParse_AcceptsWellFormedSelector [< 1 ms]
  Passed DotnetEfCoreMcp.Server.Tests.Connections.ConnectionAccessPolicyTests.IsEntityAllowed_AllowAndDenyBothMatch_AllowTakesPrecedence [< 1 ms]
  Passed DotnetEfCoreMcp.Server.Tests.Connections.ConnectionAccessPolicyTests.IsEntityAllowed_WithBlanketContextAllow_AllowsEveryEntityInThatContext [< 1 ms]
  Passed DotnetEfCoreMcp.Server.Tests.Connections.ConnectionAccessPolicyTests.IsContextReachable_WithBlanketContextAllow_ReturnsTrue [< 1 ms]
  Passed DotnetEfCoreMcp.Server.Tests.Connections.ConnectionAccessPolicyTests.IsContextReachable_WithNoMatchingSelector_ReturnsFalse [< 1 ms]
  Passed DotnetEfCoreMcp.Server.Tests.Connections.ConnectionRegistryTests.Get_KnownConnection_ReturnsEntryWithParsedFields [2 ms]
  Passed DotnetEfCoreMcp.Server.Tests.Connections.ConnectionAccessPolicyTests.EnsureResolvable_UnresolvedContextSelector_ThrowsConfigurationException [< 1 ms]
  Passed DotnetEfCoreMcp.Server.Tests.Connections.ConnectionAccessPolicyTests.IsEntityAllowed_ContextBlanketAllowedButEntityAlsoDenied_AllowTakesPrecedence [< 1 ms]
  Passed DotnetEfCoreMcp.Server.Tests.Connections.ConnectionAccessPolicyTests.IsEntityAllowed_WithNoMatchingSelectorAtAll_DeniesByDefault [< 1 ms]
  Passed DotnetEfCoreMcp.Server.Tests.Connections.ConnectionAccessPolicyTests.EnsureResolvable_AllSelectorsResolve_DoesNotThrow [< 1 ms]
  Passed DotnetEfCoreMcp.Server.Tests.Connections.ConnectionRegistryTests.Get_ConnectionWithEnvironment_ParsesEnvironment [1 ms]
  Passed DotnetEfCoreMcp.Server.Tests.Connections.ConnectionRegistryTests.Constructor_MissingProvider_LeavesProviderNullForInference [< 1 ms]
  Passed DotnetEfCoreMcp.Server.Tests.Connections.ConnectionRegistryTests.SetActive_ProductionConnectionWithoutAcknowledgment_ThrowsAndPreservesActiveConnection [< 1 ms]
  Passed DotnetEfCoreMcp.Server.Tests.AssemblyLoading.AssemblyDiscoveryServiceTests.Discover_PrefersDebugAndReturnsOnlyProjectOutputAssemblies [10 ms]
  Passed DotnetEfCoreMcp.Server.Tests.Migrations.SplitAssemblyMigrationDiscoveryTests.LoadAdditionalAssembly_WhenRecordedPathDiffersOnlyByCasingFromRequestedPath_BehaviorMatchesPlatformCaseSensitivity [80 ms]
  Passed DotnetEfCoreMcp.Server.Tests.AssemblyLoading.AssemblyLoaderServiceTests.Unload_ClearsCurrent [82 ms]
  Passed DotnetEfCoreMcp.Server.Tests.AssemblyLoading.TargetDependencyProbeTests.Load_TargetWithUncopiedPackageDependencies_DiscoversDbContextWithoutTypeLoadWarnings [83 ms]
  Passed DotnetEfCoreMcp.Server.Tests.AssemblyLoading.AssemblyLoaderServiceTests.IsCurrentAssemblyStale_FalseBeforeAnyLoad [< 1 ms]
  Passed DotnetEfCoreMcp.Server.Tests.Migrations.SplitAssemblyMigrationDiscoveryTests.LoadedAssemblyPathsByName_UsesCaseInsensitiveComparer_ConsistentWithPathCollisionCheck [4 ms]
  Passed DotnetEfCoreMcp.Server.Tests.DbContextDiscovery.DbContextScannerTests.FindDbContextTypes_DiscoversAllFiveFixtureContexts [83 ms]
  Passed DotnetEfCoreMcp.Server.Tests.Compilation.CompiledQueryLoadContextTests.Load_UnknownAssemblyName_ReturnsNull [84 ms]
  Passed DotnetEfCoreMcp.Server.Tests.Connections.ProviderInferenceTests.TryInfer_FromRealAssembly_InfersSqliteForSampleApp [54 ms]
  Passed DotnetEfCoreMcp.Server.Tests.AssemblyLoading.AssemblyLoaderServiceMultiTargetTests.Get_UnknownTargetName_ThrowsWithoutEnumeratingOtherNames [85 ms]
  Passed DotnetEfCoreMcp.Server.Tests.Connections.ProviderInferenceTests.TryInfer_SingleKnownProviderReference_Succeeds [< 1 ms]
  Passed DotnetEfCoreMcp.Server.Tests.AssemblyLoading.TargetDependencyProbeTests.ResolveAssembly_UnknownAssembly_ReturnsNull [2 ms]
  Passed DotnetEfCoreMcp.Server.Tests.Tools.EfCoreMcpToolsTestConnectionTests.TestConnection_WhenNoConnectionIsActiveAndNoneIsSpecified_ThrowsMcpException [86 ms]
  Passed DotnetEfCoreMcp.Server.Tests.AssemblyLoading.TargetDependencyProbeTests.PackageDependencyAppFixture_DoesNotShipItsDependencies [< 1 ms]
  Passed DotnetEfCoreMcp.Server.Tests.AssemblyLoading.TargetDependencyProbeTests.Create_ForTargetWithoutProbingPaths_StillFindsPackageProbingRoots [4 ms]
  Passed DotnetEfCoreMcp.Server.Tests.Tools.EfCoreMcpToolsProviderInferenceTests.RunSqlQuery_WithReadOnlyConnection_RejectsEvenWhenEnabled [92 ms]
  Passed DotnetEfCoreMcp.Server.Tests.AssemblyLoading.AssemblyLoaderServiceTests.Load_PathInsideAllowedRoots_Succeeds [9 ms]
  Passed DotnetEfCoreMcp.Server.Tests.Migrations.SplitAssemblyMigrationDiscoveryTests.ResolveMigrationsAssembly_WithPathInsideTargetsNarrowedAllowedRoots_Succeeds [9 ms]
  Passed DotnetEfCoreMcp.Server.Tests.AssemblyLoading.TargetDependencyProbeTests.Load_TargetReferencingAspNetCoreSharedFramework_ResolvesFrameworkAssembly [12 ms]
  Passed DotnetEfCoreMcp.Server.Tests.Compilation.CompiledQueryLoadContextTests.Load_DependencyKnownByPathButNotYetLoaded_ResolvesViaTargetAndReturnsSameInstance [33 ms]
  Passed DotnetEfCoreMcp.Server.Tests.AssemblyLoading.AssemblyLoaderServiceTests.Load_CalledTwice_ReplacesPreviousHandle [49 ms]
  Passed DotnetEfCoreMcp.Server.Tests.AssemblyLoading.AssemblyLoaderServiceMultiTargetTests.Load_SameTargetNameTwice_ReloadsInPlace_WithoutDisturbingOtherTargets [57 ms]
  Passed DotnetEfCoreMcp.Server.Tests.AssemblyLoading.AssemblyLoaderServiceTests.Load_PathOutsideAllowedRoots_ThrowsAssemblyLoadFailedException [< 1 ms]
  Passed DotnetEfCoreMcp.Server.Tests.AssemblyLoading.TargetDependencyProbeTests.Load_TargetWithUncopiedPackageDependencies_ResolvesNuGetPackageFromRestoreFolder [39 ms]
  Passed DotnetEfCoreMcp.Server.Tests.Migrations.EfCoreMcpToolsMigrationsTests.ListMigrations_WithProductionConnection_IsRejected [169 ms]
  Passed DotnetEfCoreMcp.Server.Tests.Tools.EfCoreMcpToolsConnectionSelectionTests.RunQuery_WhenConnectionNameIsOmittedWithMultipleConnections_ListsConnectionNames [168 ms]
  Passed DotnetEfCoreMcp.Server.Tests.AssemblyLoading.AssemblyLoaderServiceTests.Load_PathInsideAllowedRootsButDifferentCasing_BehaviorMatchesPlatformCaseSensitivity [34 ms]
  Passed DotnetEfCoreMcp.Server.Tests.Tools.ToolDiagnosticsOptionsTests.CreateEffective_LeavesSafeDetailsDisabledWhenNotConfigured [22 ms]
  Passed DotnetEfCoreMcp.Server.Tests.AssemblyLoading.AssemblyLoaderServiceMultiTargetTests.ListTargets_ReportsExactlyOneEntryAsDefault [40 ms]
  Passed DotnetEfCoreMcp.Server.Tests.Tools.EfCoreMcpToolsDiscoveryWarningsTests.LoadAssembly_AssemblyWithoutDbContexts_ReturnsNoContextWarning [184 ms]
  Passed DotnetEfCoreMcp.Server.Tests.Tools.EfCoreMcpToolsListAssemblyCandidatesTests.ListAssemblyCandidates_WithPathFilter_OnlyReturnsMatchingProjects [186 ms]
  Passed DotnetEfCoreMcp.Server.Tests.AssemblyLoading.AssemblyLoaderServiceTests.Load_ValidAssembly_ReturnsHandleWithExpectedAssembly [6 ms]
  Passed DotnetEfCoreMcp.Server.Tests.AssemblyLoading.AssemblyReloadWatcherTests.Watcher_DoesNothing_WhenNoAssemblyEverLoaded [182 ms]
  Passed DotnetEfCoreMcp.Server.Tests.Tools.ToolDiagnosticsOptionsTests.CreateEffective_EnablesSafeDetailsOnlyForDevelopment(isDevelopment: False, expected: False) [8 ms]
  Passed DotnetEfCoreMcp.Server.Tests.AssemblyLoading.AssemblyLoaderServiceTests.IsCurrentAssemblyStale_FalseImmediatelyAfterLoad [5 ms]
  Passed DotnetEfCoreMcp.Server.Tests.AssemblyLoading.AssemblyLoaderServiceMultiTargetTests.SelectDefault_UnknownTargetName_Throws [6 ms]
  Passed DotnetEfCoreMcp.Server.Tests.Tools.ToolDiagnosticsOptionsTests.CreateEffective_EnablesSafeDetailsOnlyForDevelopment(isDevelopment: True, expected: True) [< 1 ms]
  Passed DotnetEfCoreMcp.Server.Tests.AssemblyLoading.AssemblyLoaderServiceTests.Load_MissingFile_ThrowsAssemblyLoadFailedExceptionWithActionableMessage [< 1 ms]
  Passed DotnetEfCoreMcp.Server.Tests.Tools.EfCoreMcpToolsDiscoveryWarningsTests.ListContexts_AssemblyWithoutDbContexts_ReturnsNoContextWarning [8 ms]
  Passed DotnetEfCoreMcp.Server.Tests.Tools.EfCoreMcpToolsListAssemblyCandidatesTests.ListAssemblyCandidates_ByDefault_GroupsMultipleBuildsPerProject [12 ms]
  Passed DotnetEfCoreMcp.Server.Tests.AssemblyLoading.AssemblyLoaderServiceMultiTargetTests.SelectDefault_ChangesWhichTargetResolvesWhenNameOmitted [10 ms]
  Passed DotnetEfCoreMcp.Server.Tests.Tools.EfCoreMcpToolsListAssemblyCandidatesTests.ListAssemblyCandidates_WithIncludeAllBuilds_ListsEveryBuildIndividually [8 ms]
  Passed DotnetEfCoreMcp.Server.Tests.AssemblyLoading.AssemblyLoaderServiceMultiTargetTests.IsTargetStale_ForUnknownExplicitName_Throws [5 ms]
  Passed DotnetEfCoreMcp.Server.Tests.AssemblyLoading.AssemblyLoaderServiceMultiTargetTests.Load_WithoutTargetName_BehavesLikeSingleImplicitTarget [6 ms]
  Passed DotnetEfCoreMcp.Server.Tests.AssemblyLoading.AssemblyLoaderServiceMultiTargetTests.IsCurrentAssemblyStale_WhenNothingLoaded_ReturnsFalse [< 1 ms]
  Passed DotnetEfCoreMcp.Server.Tests.Compilation.CompiledQueryLoadContextTests.Unload_AfterUse_DoesNotThrowAndContextBecomesCollectible [120 ms]
  Passed DotnetEfCoreMcp.Server.Tests.AssemblyLoading.AssemblyDiscoveryServiceTests.Discover_RanksAssembliesContainingDbContextBeforeOthers [174 ms]
  Passed DotnetEfCoreMcp.Server.Tests.AssemblyLoading.AssemblyDiscoveryServiceTests.Discover_RejectsMissingWorkspace [1 ms]
  Passed DotnetEfCoreMcp.Server.Tests.Compilation.CompiledQueryLoadContextTests.LoadCompiledAssembly_ValidPeBytes_LoadsIntoThisContext [10 ms]
  Passed DotnetEfCoreMcp.Server.Tests.AssemblyLoading.AssemblyLoaderServiceMultiTargetTests.Load_WithDistinctTargetNames_UsesSeparateAssemblyLoadContexts [35 ms]
  Passed DotnetEfCoreMcp.Server.Tests.Compilation.CompiledQueryLoadContextTests.Load_TargetAssemblyName_ReturnsSameInstanceAlreadyLoadedInTargetContext [5 ms]
  Passed DotnetEfCoreMcp.Server.Tests.AssemblyLoading.AssemblyLoaderServiceMultiTargetTests.Load_WithDistinctTargetNames_KeepsBothLoadedAndIsolated [16 ms]
  Passed DotnetEfCoreMcp.Server.Tests.Compilation.UserQuerySourceGeneratorTests.Generate_GeneratesDerivedClassWithExpectedNamespaceAndBaseType [267 ms]
  Passed DotnetEfCoreMcp.Server.Tests.Compilation.CompiledQueryLoadContextTests.Load_SharedFrameworkAssemblyName_ReturnsNullToDelegateToDefaultContext [13 ms]
  Passed DotnetEfCoreMcp.Server.Tests.Compilation.UserQuerySourceGeneratorTests.Generate_ExpressionMode_QueryHeaderLineCountPointsAtQueryLine [7 ms]
  Passed DotnetEfCoreMcp.Server.Tests.Compilation.UserQuerySourceGeneratorTests.Generate_QueriesWithTrailingSemicolonOrBraces_AreClassifiedAsStatementMode(query: "Orders.Where(o => o.Total > 10);") [74 ms]
  Passed DotnetEfCoreMcp.Server.Tests.Compilation.UserQuerySourceGeneratorTests.Generate_QueriesWithTrailingSemicolonOrBraces_AreClassifiedAsStatementMode(query: "Orders.Select(o => new { o.Id });") [8 ms]
  Passed DotnetEfCoreMcp.Server.Tests.Compilation.UserQuerySourceGeneratorTests.Generate_QueriesWithTrailingSemicolonOrBraces_AreClassifiedAsStatementMode(query: "var x = Orders.Count(); return x;") [18 ms]
  Passed DotnetEfCoreMcp.Server.Tests.Compilation.UserQuerySourceGeneratorTests.Generate_QueriesWithTrailingSemicolonOrBraces_AreClassifiedAsStatementMode(query: "{ var x = 1; return x; }") [7 ms]
  Passed DotnetEfCoreMcp.Server.Tests.Compilation.UserQuerySourceGeneratorTests.Generate_QueriesWithTrailingSemicolonOrBraces_AreClassifiedAsStatementMode(query: "var recent = Orders.Where(o => o.Total > 10); retu"···) [48 ms]
  Passed DotnetEfCoreMcp.Server.Tests.Compilation.UserQuerySourceGeneratorTests.Generate_ExpressionBodiesWithoutTrailingSemicolon_AreClassifiedAsExpressionMode(query: "Orders.OrderBy(o => o.Id).Take(5)") [6 ms]
  Passed DotnetEfCoreMcp.Server.Tests.Compilation.UserQuerySourceGeneratorTests.Generate_ExpressionBodiesWithoutTrailingSemicolon_AreClassifiedAsExpressionMode(query: "Orders.Select(o => new { o.Id })") [6 ms]
  Passed DotnetEfCoreMcp.Server.Tests.Compilation.UserQuerySourceGeneratorTests.Generate_ExpressionBodiesWithoutTrailingSemicolon_AreClassifiedAsExpressionMode(query: "Orders.Where(o => o.Total > 10)") [6 ms]
  Passed DotnetEfCoreMcp.Server.Tests.Compilation.UserQuerySourceGeneratorTests.Generate_EmptyOrWhitespaceQuery_Throws(query: "   ") [17 ms]
  Passed DotnetEfCoreMcp.Server.Tests.Compilation.UserQuerySourceGeneratorTests.Generate_EmptyOrWhitespaceQuery_Throws(query: "") [5 ms]
  Passed DotnetEfCoreMcp.Server.Tests.Compilation.UserQuerySourceGeneratorTests.Generate_DesignTimeFactoryOnlyContext_ThrowsQueryExecutionException [78 ms]
  Passed DotnetEfCoreMcp.Server.Tests.Compilation.UserQuerySourceGeneratorTests.Generate_AnyConstructorShape_OverridesOnConfiguringWithNoTracking [6 ms]
  Passed DotnetEfCoreMcp.Server.Tests.Compilation.UserQuerySourceGeneratorTests.Generate_NullContextType_Throws [< 1 ms]
  Passed DotnetEfCoreMcp.Server.Tests.AssemblyLoading.AssemblyReloadWatcherMultiTargetTests.Watcher_HonorsPerTargetAutoReloadOverride_WhenServerWideDefaultIsEnabled [697 ms]
  Passed DotnetEfCoreMcp.Server.Tests.AssemblyLoading.SharedFrameworkAssemblyClosureTests.Value_PublicApiClosure_DoesNotReachAnyAssemblyOutsideTheSharedList [885 ms]
  Passed DotnetEfCoreMcp.Server.Tests.Connections.ConnectionHealthCheckerTests.CheckAsync_AgainstARealReachableSqliteDatabase_ReturnsHealthy [946 ms]
  Passed DotnetEfCoreMcp.Server.Tests.Connections.ConnectionHealthCheckerTests.CheckAsync_WhenProbeNeverCompletesWithinTheConfiguredTimeout_ReturnsTimedOut [44 ms]
  Passed DotnetEfCoreMcp.Server.Tests.Connections.ConnectionHealthCheckerTests.CheckAsync_WhenProbeReturnsFalse_ReturnsFailed [< 1 ms]
  Passed DotnetEfCoreMcp.Server.Tests.Connections.ConnectionHealthCheckerTests.CheckAsync_WhenProbeThrows_ReturnsFailedWithoutPropagatingTheException [< 1 ms]
  Passed DotnetEfCoreMcp.Server.Tests.Connections.ConnectionHealthCheckerTests.CheckAsync_WhenCallerCancelsBeforeTheProbeCompletes_PropagatesCancellationRatherThanAStatus [3 ms]
  Passed DotnetEfCoreMcp.Server.Tests.AssemblyLoading.TargetAssemblyLoadContextSharedTypesTests.GetSchema_ContextConfiguringRelationalEventIdWarnings_DoesNotThrowMissingFieldException [1 s]
  Passed DotnetEfCoreMcp.Server.Tests.Tools.EfCoreMcpToolsAccessPolicyTests.GetEntitySchema_DeniedEntity_RejectsAndDoesNotDiscloseKnownEntities [1 s]
  Passed DotnetEfCoreMcp.Server.Tests.Tools.EfCoreMcpToolsSchemaSlicingTests.SearchSchema_IsCaseInsensitive [1 s]
  Passed DotnetEfCoreMcp.Server.Tests.Tools.EfCoreMcpToolsAccessPolicyTests.ListContexts_WithNoActiveConnection_DoesNotFilterAndDoesNotThrow [6 ms]
  Passed DotnetEfCoreMcp.Server.Tests.Tools.EfCoreMcpToolsAccessPolicyTests.InsertEntity_DeniedEntity_RejectsBeforeConstructingTheContext [12 ms]
  Passed DotnetEfCoreMcp.Server.Tests.Tools.EfCoreMcpToolsConnectionSelectionTests.GetSchema_WithMultipleConnections_StillHonorsAnExplicitConnectionName [892 ms]
  Passed DotnetEfCoreMcp.Server.Tests.Tools.EfCoreMcpToolsProviderInferenceTests.GetSchema_ConnectionWithoutExplicitProvider_InfersSqliteFromLoadedAssembly [974 ms]
  Passed DotnetEfCoreMcp.Server.Tests.Schema.SchemaBuilderTests.Build_CustomerToOrdersNavigationIsNotOnDependent [1 s]
  Passed DotnetEfCoreMcp.Server.Tests.Tools.EfCoreMcpToolsConnectionSelectionTests.GetSchema_WhenConnectionNameIsOmittedWithMultipleConnections_ListsConnectionNames [5 ms]
  Passed DotnetEfCoreMcp.Server.Tests.Tools.EfCoreMcpToolsTestConnectionTests.TestConnection_AgainstADatabaseFileThatDoesNotExistYet_ReturnsRedactedFailedPayload [1 s]
  Passed DotnetEfCoreMcp.Server.Tests.Tools.EfCoreMcpToolsProviderInferenceTests.EntityMutation_WhenDisabled_RejectsBeforeQuerying(operation: "update") [31 ms]
  Passed DotnetEfCoreMcp.Server.Tests.DbContextDiscovery.DbContextActivatorTests.CreateInstance_DesignTimeFactoryContext_OverridesHardcodedConnectionString [1 s]
  Passed DotnetEfCoreMcp.Server.Tests.Tools.EfCoreMcpToolsProviderInferenceTests.EntityMutation_WhenDisabled_RejectsBeforeQuerying(operation: "delete") [5 ms]
  Passed DotnetEfCoreMcp.Server.Tests.Tools.EfCoreMcpToolsProviderInferenceTests.EntityMutation_WhenDisabled_RejectsBeforeQuerying(operation: "insert") [5 ms]
  Passed DotnetEfCoreMcp.Server.Tests.Tools.EfCoreMcpToolsProviderInferenceTests.ListConnections_ConnectionWithoutExplicitProvider_ReportsInferredMarker [11 ms]
  Passed DotnetEfCoreMcp.Server.Tests.Tools.EfCoreMcpToolsProviderInferenceTests.RunSqlQuery_WhenDisabled_RejectsBeforeQuerying [6 ms]
  Passed DotnetEfCoreMcp.Server.Tests.Tools.EfCoreMcpToolsProviderInferenceTests.RunSqlQuery_WithProductionConnection_RejectsEvenWhenConfiguredReadWrite [6 ms]
  Passed DotnetEfCoreMcp.Server.Tests.Migrations.SplitAssemblyMigrationDiscoveryTests.GenerateMigrationScript_WithMigrationsAssembly_ReturnsScriptWithoutMutatingDatabase [1 s]
  Passed DotnetEfCoreMcp.Server.Tests.Migrations.EfCoreMcpToolsMigrationsTests.GenerateMigrationScript_ScriptExceedingConfiguredCap_IsTruncatedWithFlagSet [967 ms]
  Passed DotnetEfCoreMcp.Server.Tests.Migrations.MigrationInspectorTests.GenerateScriptAsync_NonIdempotent_ProducesNonEmptyScriptAndDoesNotMutateDatabase [1 s]
  Passed DotnetEfCoreMcp.Server.Tests.DbContextDiscovery.DbContextActivatorTests.CreateInstance_OptionsConstructorContext_UsesRegistryConnectionString [38 ms]
  Passed DotnetEfCoreMcp.Server.Tests.Tools.EfCoreMcpToolsAccessPolicyTests.GetSchema_AllowedContextViaEntityLevelAllowOnly_Succeeds [82 ms]
  Passed DotnetEfCoreMcp.Server.Tests.Tools.EfCoreMcpToolsTestConnectionTests.TestConnection_WhenCalledWithAnAlreadyCancelledToken_PropagatesCancellationRatherThanAStatus [42 ms]
  Passed DotnetEfCoreMcp.Server.Tests.Tools.EfCoreMcpToolsConnectionSelectionTests.GetSchema_WhenConnectionNameIsOmittedWithExactlyOneConnection_ResolvesSilently [71 ms]
  Passed DotnetEfCoreMcp.Server.Tests.Tools.EfCoreMcpToolsSchemaSlicingTests.SearchSchema_WithInvalidMaxResults_ThrowsValidationError(maxResults: 0) [100 ms]
  Passed DotnetEfCoreMcp.Server.Tests.Migrations.SplitAssemblyMigrationDiscoveryTests.ListMigrations_WithMissingMigrationsAssemblyPath_ThrowsRedactedError [6 ms]
  Passed DotnetEfCoreMcp.Server.Tests.Migrations.EfCoreMcpToolsMigrationsTests.GenerateMigrationScript_WhenDisabled_RejectsBeforeGeneratingAndDoesNotTouchDatabase [7 ms]
  Passed DotnetEfCoreMcp.Server.Tests.Tools.EfCoreMcpToolsAccessPolicyTests.RunQuery_DeniedContext_RejectsBeforeParsingTheQuery [15 ms]
  Passed DotnetEfCoreMcp.Server.Tests.DbContextDiscovery.DbContextScannerTests.FindDbContextTypes_PartialTypeLoadFailure_RetainsContextsAndReportsWarnings [1 s]
  Passed DotnetEfCoreMcp.Server.Tests.Schema.SchemaBuilderTests.Build_CustomerHasUniqueIndexOnName [88 ms]
  Passed DotnetEfCoreMcp.Server.Tests.Migrations.SplitAssemblyMigrationDiscoveryTests.ResolveMigrationsAssembly_WithMalformedSimpleName_ThrowsAssemblyLoadFailedExceptionInsteadOfArgumentException [13 ms]
  Passed DotnetEfCoreMcp.Server.Tests.Migrations.EfCoreMcpToolsMigrationsTests.GenerateMigrationScript_WithReadOnlyConnection_RejectsEvenWhenEnabled [16 ms]
  Passed DotnetEfCoreMcp.Server.Tests.Mutations.EntityMutationExecutorTests.Update_WithMissingConcurrencyToken_RejectsBeforeWriting [1 s]
  Passed DotnetEfCoreMcp.Server.Tests.Tools.EfCoreMcpToolsAccessPolicyTests.GetSchema_MissingContextName_ChoiceListNeverDisclosesADeniedButRealContext [7 ms]
  Passed DotnetEfCoreMcp.Server.Tests.Migrations.SplitAssemblyMigrationDiscoveryTests.ResolveMigrationsAssembly_WhenNameResolvesOutsideTargetContext_ThrowsInsteadOfReturningWrongAssembly [7 ms]
  Passed DotnetEfCoreMcp.Server.Tests.DbContextDiscovery.DbContextScannerTests.FindDbContextTypes_ClassifiesFactoryOnlyAsDesignTimeFactory [9 ms]
  Passed DotnetEfCoreMcp.Server.Tests.Querying.SqlQueryExecutorTests.ExecuteAsync_ParameterizedSelect_ReturnsMatchedRow [1 s]
  Passed DotnetEfCoreMcp.Server.Tests.Tools.EfCoreMcpToolsSchemaSlicingTests.SearchSchema_WithInvalidMaxResults_ThrowsValidationError(maxResults: -1) [30 ms]
  Passed DotnetEfCoreMcp.Server.Tests.DbContextDiscovery.DbContextScannerTests.FindDbContextTypes_ClassifiesSampleAppDbContextAsOptionsConstructor [5 ms]
  Passed DotnetEfCoreMcp.Server.Tests.Tools.EfCoreMcpToolsAccessPolicyTests.GetSchema_DeniedContext_RejectsBeforeConstructingTheContext [7 ms]
  Passed DotnetEfCoreMcp.Server.Tests.DbContextDiscovery.DbContextScannerTests.FindDbContextTypes_DoesNotIncludeTheFactoryTypeItself [6 ms]
  Passed DotnetEfCoreMcp.Server.Tests.Tools.EfCoreMcpToolsAccessPolicyTests.RunQuery_DeniedRootEntity_RejectsBeforeExecutingAgainstTheDatabase [6 ms]
  Passed DotnetEfCoreMcp.Server.Tests.DbContextDiscovery.DbContextScannerTests.FindDbContextTypes_ClassifiesLegacyOnConfiguringAsParameterless [10 ms]
  Passed DotnetEfCoreMcp.Server.Tests.Tools.EfCoreMcpToolsAccessPolicyTests.RunQuery_DeniedEntityReferencedViaUnion_RejectsBeforeExecutingAgainstTheDatabase [10 ms]
  Passed DotnetEfCoreMcp.Server.Tests.Schema.SchemaBuilderTests.Build_CustomerPrimaryKeyIsId [35 ms]
  Passed DotnetEfCoreMcp.Server.Tests.Tools.EfCoreMcpToolsAccessPolicyTests.SearchSchema_DeniedContext_RejectsBeforeSearching [6 ms]
  Passed DotnetEfCoreMcp.Server.Tests.Tools.EfCoreMcpToolsTestConnectionTests.TestConnection_WhenConnectionNameIsOmitted_UsesTheActiveConnection [57 ms]
  Passed DotnetEfCoreMcp.Server.Tests.Migrations.SplitAssemblyMigrationDiscoveryTests.ListMigrations_WithoutMigrationsAssembly_FindsNoMigrationsInContextOnlyAssembly [37 ms]
  Passed DotnetEfCoreMcp.Server.Tests.Migrations.MigrationInspectorTests.InspectAsync_WhenDatabaseExistsButHistoryTableIsAbsent_ReportsAppliedStateUnavailable [66 ms]
  Passed DotnetEfCoreMcp.Server.Tests.Tools.EfCoreMcpToolsTestConnectionTests.TestConnection_WithAnUnknownConnectionName_ThrowsMcpException [6 ms]
  Passed DotnetEfCoreMcp.Server.Tests.Mutations.EntityMutationExecutorTests.Update_WithUnknownOrPrimaryKeyValue_RejectsBeforeWriting [46 ms]
  Passed DotnetEfCoreMcp.Server.Tests.Migrations.EfCoreMcpToolsMigrationsTests.ListMigrations_WithReadOnlyConnection_IsStillAllowed [47 ms]
  Passed DotnetEfCoreMcp.Server.Tests.Migrations.SplitAssemblyMigrationDiscoveryTests.ResolveMigrationsAssembly_BySimpleName_ResolvesAsProjectReferenceDependency [6 ms]
  Passed DotnetEfCoreMcp.Server.Tests.Migrations.SplitAssemblyMigrationDiscoveryTests.ListMigrations_WithUnresolvableMigrationsAssemblyName_ThrowsRedactedError [5 ms]
  Passed DotnetEfCoreMcp.Server.Tests.Tools.EfCoreMcpToolsSchemaSlicingTests.SearchSchema_WithInvalidMaxResults_ThrowsValidationError(maxResults: 26) [46 ms]
  Passed DotnetEfCoreMcp.Server.Tests.Migrations.SplitAssemblyMigrationDiscoveryTests.LoadAdditionalAssembly_WhenSameSimpleNameAlreadyLoadedFromSamePathButDifferentCasing_ReturnsExistingInstance [4 ms]
  Passed DotnetEfCoreMcp.Server.Tests.Schema.SchemaBuilderTests.Build_DoesNotRequireAnOpenDatabaseConnection [29 ms]
  Passed DotnetEfCoreMcp.Server.Tests.Querying.SqlQueryExecutorTests.ExecuteAsync_NonQuery_ReturnsAffectedRowCount [63 ms]
  Passed DotnetEfCoreMcp.Server.Tests.Migrations.SplitAssemblyMigrationDiscoveryTests.ResolveMigrationsAssembly_WithPathCollidingWithAlreadyLoadedSimpleName_ThrowsInsteadOfSubstituting [13 ms]
  Passed DotnetEfCoreMcp.Server.Tests.Tools.EfCoreMcpToolsAccessPolicyTests.GetEntitySchema_DeniedEntityLooksIdenticalToAnUnknownEntity [39 ms]
  Passed DotnetEfCoreMcp.Server.Tests.Migrations.SplitAssemblyMigrationDiscoveryTests.ResolveMigrationsAssembly_WithInvalidPathCharacters_ThrowsRedactedErrorInsteadOfRawArgumentException [3 ms]
  Passed DotnetEfCoreMcp.Server.Tests.Tools.EfCoreMcpToolsAccessPolicyTests.ListContexts_FiltersOutContextsNotReachableByTheActiveConnectionsPolicy [5 ms]
  Passed DotnetEfCoreMcp.Server.Tests.Migrations.MigrationInspectorTests.GenerateScriptAsync_ExceedingMaxScriptLength_TruncatesAtLineBoundaryAndSetsFlag [44 ms]
  Passed DotnetEfCoreMcp.Server.Tests.Tools.EfCoreMcpToolsTestConnectionTests.TestConnection_AgainstAHealthyConnection_ReturnsRedactedHealthyPayload [51 ms]
  Passed DotnetEfCoreMcp.Server.Tests.Migrations.EfCoreMcpToolsMigrationsTests.ListMigrations_AgainstFreshDatabase_ReturnsExpectedShapeWithEveryMigrationPending [47 ms]
  Passed DotnetEfCoreMcp.Server.Tests.Tools.EfCoreMcpToolsSchemaSlicingTests.SearchSchema_WithNoMatches_ReturnsEmptyResultsAndNotTruncated [41 ms]
  Passed DotnetEfCoreMcp.Server.Tests.Schema.SchemaBuilderTests.Build_CustomerHasOrdersCollectionNavigation [42 ms]
  Passed DotnetEfCoreMcp.Server.Tests.Migrations.SplitAssemblyMigrationDiscoveryTests.ListMigrations_WithMigrationsAssemblyByPath_DiscoversMigrationFromSeparateAssembly [35 ms]
  Passed DotnetEfCoreMcp.Server.Tests.Migrations.SplitAssemblyMigrationDiscoveryTests.ResolveMigrationsAssembly_WithPathOutsideTargetsNarrowedAllowedRoots_ThrowsEvenWhenServerWideRootAllowsIt [18 ms]
  Passed DotnetEfCoreMcp.Server.Tests.Querying.SqlQueryExecutorTests.ExecuteAsync_SelectCapsReturnedRowsAndIndicatesMore [65 ms]
  Passed DotnetEfCoreMcp.Server.Tests.Migrations.SplitAssemblyMigrationDiscoveryTests.LoadAdditionalAssembly_WhenSameSimpleNameIsLoadedTwiceFromSamePath_KeepsFirstRecordedPath [10 ms]
  Passed DotnetEfCoreMcp.Server.Tests.Migrations.MigrationInspectorTests.InspectAsync_WhenDatabaseDoesNotExist_ReportsEveryMigrationPendingAndAppliedStateUnavailable [52 ms]
  Passed DotnetEfCoreMcp.Server.Tests.Migrations.SplitAssemblyMigrationDiscoveryTests.ListMigrations_WithMigrationsAssemblyPathOutsideAllowedRoots_ThrowsRedactedError [5 ms]
  Passed DotnetEfCoreMcp.Server.Tests.Migrations.EfCoreMcpToolsMigrationsTests.GenerateMigrationScript_WithUnknownFromMigration_SurfacesRedactedActionableMessage [52 ms]
  Passed DotnetEfCoreMcp.Server.Tests.Schema.SchemaBuilderTests.Build_OrderCreatedAtUtcHasDefaultValueSql [51 ms]
  Passed DotnetEfCoreMcp.Server.Tests.Migrations.EfCoreMcpToolsMigrationsTests.GenerateMigrationScript_WithProductionConnection_RejectsEvenWhenEnabled [6 ms]
  Passed DotnetEfCoreMcp.Server.Tests.Tools.EfCoreMcpToolsAccessPolicyTests.SearchSchema_OnlyReturnsMatchesForAllowedEntities [78 ms]
  Passed DotnetEfCoreMcp.Server.Tests.AssemblyLoading.AssemblyReloadWatcherMultiTargetTests.Watcher_ReloadsOnlyTheChangedTarget_LeavingOtherTargetsUntouched [630 ms]
  Passed DotnetEfCoreMcp.Server.Tests.Tools.EfCoreMcpToolsSchemaSlicingTests.SearchSchema_ReportsTruncatedWhenMoreMatchesExistThanTheCap [69 ms]
  Passed DotnetEfCoreMcp.Server.Tests.Migrations.EfCoreMcpToolsMigrationsTests.GenerateMigrationScript_Idempotent_SurfacesRedactedSqliteLimitationMessage [21 ms]
  Passed DotnetEfCoreMcp.Server.Tests.Querying.OutOfProcessRoslynQueryExecutorTests.ExecuteAsync_MissingHost_ThrowsConfigurationError [1 s]
  Passed DotnetEfCoreMcp.Server.Tests.Schema.SchemaBuilderTests.Build_NonRelationalProviderProducesNullStoreTypeInsteadOfThrowing [31 ms]
  Passed DotnetEfCoreMcp.Server.Tests.Tools.EfCoreMcpToolsSchemaSlicingTests.SearchSchema_AcceptsTheAbsoluteMaximumOfTwentyFive [22 ms]
  Passed DotnetEfCoreMcp.Server.Tests.Tools.EfCoreMcpToolsAccessPolicyTests.GetEntitySchema_AllowedEntity_Succeeds [47 ms]
  Passed DotnetEfCoreMcp.Server.Tests.Tools.EfCoreMcpToolsSchemaSlicingTests.GetEntitySchema_WhenSchemaWasNeverBuilt_ThrowsWithoutConstructingAContext [7 ms]
  Passed DotnetEfCoreMcp.Server.Tests.Tools.EfCoreMcpToolsAccessPolicyTests.ResolveConnection_UnresolvableAccessPolicySelector_ThrowsConfigurationErrorNotDenial [5 ms]
  Passed DotnetEfCoreMcp.Server.Tests.Migrations.EfCoreMcpToolsMigrationsTests.GenerateMigrationScript_WhenEnabledWithReadWriteConnection_ReturnsScriptAndDoesNotMutateDatabase [41 ms]
  Passed DotnetEfCoreMcp.Server.Tests.Tools.EfCoreMcpToolsSchemaSlicingTests.SearchSchema_DefaultsMaxResultsToTen [20 ms]
  Passed DotnetEfCoreMcp.Server.Tests.Schema.SchemaBuilderTests.Build_CustomerEntityIncludesRelationalTableMappingAndComment [44 ms]
  Passed DotnetEfCoreMcp.Server.Tests.Tools.EfCoreMcpToolsSchemaSlicingTests.GetEntitySchema_WhenContextNameIsOmittedWithMultipleContexts_ListsShortNames [6 ms]
  Passed DotnetEfCoreMcp.Server.Tests.Tools.EfCoreMcpToolsSchemaSlicingTests.SearchSchema_WhenSchemaWasNeverBuilt_ThrowsWithoutConstructingAContext [5 ms]
  Passed DotnetEfCoreMcp.Server.Tests.Tools.EfCoreMcpToolsSchemaSlicingTests.SearchSchema_DeclaresContextNameAsOptional [< 1 ms]
  Passed DotnetEfCoreMcp.Server.Tests.Schema.SchemaBuilderTests.Build_OrderToCustomerNavigationMirrorsForeignKeyDeleteBehaviorAndProperties [12 ms]
  Passed DotnetEfCoreMcp.Server.Tests.Migrations.MigrationInspectorTests.InspectAsync_AfterMigrate_ReportsTheMigrationApplied [108 ms]
  Passed DotnetEfCoreMcp.Server.Tests.Schema.SchemaBuilderTests.Build_CustomerNameHasRelationalAndCoreFacetsPopulated [23 ms]
  Passed DotnetEfCoreMcp.Server.Tests.Tools.EfCoreMcpToolsSchemaSlicingTests.SearchSchema_WithEmptyQuery_ThrowsValidationError [27 ms]
  Passed DotnetEfCoreMcp.Server.Tests.Migrations.MigrationInspectorTests.GenerateScriptAsync_Idempotent_ThrowsRedactedExceptionForSqliteLimitation [28 ms]
  Passed DotnetEfCoreMcp.Server.Tests.Schema.SchemaBuilderTests.Build_NonRelationalProviderKeepsRelationalOnlyFacetsNullButPopulatesCoreFacets [12 ms]
  Passed DotnetEfCoreMcp.Server.Tests.Tools.EfCoreMcpToolsSchemaSlicingTests.GetEntitySchema_WithUnknownEntity_ThrowsAndListsKnownEntities [15 ms]
  Passed DotnetEfCoreMcp.Server.Tests.Schema.SchemaBuilderTests.Build_FormatsNumericDefaultValueWithInvariantCulture [9 ms]
  Passed DotnetEfCoreMcp.Server.Tests.Schema.SchemaBuilderTests.Build_FormatsByteArrayDefaultValueWithoutThrowing [< 1 ms]
  Passed DotnetEfCoreMcp.Server.Tests.AssemblyLoading.TargetAssemblyLoadContextSharedTypesTests.CreateInstance_ContextConfiguringRelationalEventIdWarnings_CanEnsureCreatedAndQuery [431 ms]
  Passed DotnetEfCoreMcp.Server.Tests.DbContextDiscovery.DbContextActivatorTests.CreateInstance_ConstructedContext_CanActuallyReadAndWriteTheRegisteredDatabase [315 ms]
  Passed DotnetEfCoreMcp.Server.Tests.Mutations.EntityMutationExecutorTests.Delete_WhenEntityDoesNotExist_ReturnsConflict [247 ms]
  Passed DotnetEfCoreMcp.Server.Tests.Migrations.MigrationInspectorTests.GenerateScriptAsync_WithUnknownToMigration_ThrowsRedactedException [16 ms]
  Passed DotnetEfCoreMcp.Server.Tests.Tools.EfCoreMcpToolsSchemaSlicingTests.GetEntitySchema_WithExactName_ReturnsCompleteEntityDefinition [13 ms]
  Passed DotnetEfCoreMcp.Server.Tests.Schema.SchemaBuilderTests.Build_IncludesBothFixtureEntities [33 ms]
  Passed DotnetEfCoreMcp.Server.Tests.DbContextDiscovery.DbContextActivatorTests.CreateInstance_ParameterlessOnConfiguringContext_OverridesHardcodedConnectionString [38 ms]
  Passed DotnetEfCoreMcp.Server.Tests.Tools.EfCoreMcpToolsSchemaSlicingTests.SearchSchema_ReturnsCompactMatchesNotFullDefinitions [38 ms]
  Passed DotnetEfCoreMcp.Server.Tests.Tools.EfCoreMcpToolsSchemaSlicingTests.GetEntitySchema_WithEmptyEntityName_ThrowsValidationError [10 ms]
  Passed DotnetEfCoreMcp.Server.Tests.Schema.SchemaBuilderTests.Build_CustomerIdHasValueGeneratedOnAdd [27 ms]
  Passed DotnetEfCoreMcp.Server.Tests.Schema.SchemaBuilderTests.Build_OrderAmountHasPrecisionScaleAndDefaultValueSql [10 ms]
  Passed DotnetEfCoreMcp.Server.Tests.Schema.SchemaBuilderTests.Build_OrderToCustomerForeignKeyHasCascadeDeleteBehaviorAndIsNotUnique [10 ms]
  Passed DotnetEfCoreMcp.Server.Tests.Schema.SchemaBuilderTests.Build_OrderHasCustomerReferenceNavigationAndForeignKey [12 ms]
  Passed DotnetEfCoreMcp.Server.Tests.Mutations.EntityMutationExecutorTests.InsertUpdateAndDelete_ExecuteOneEntityMutationEach [93 ms]
  Passed DotnetEfCoreMcp.Server.Tests.AssemblyLoading.AssemblyReloadWatcherTests.Watcher_Retargets_WhenADifferentAssemblyIsLoaded [1 s]
  Passed DotnetEfCoreMcp.Server.Tests.Compilation.QueryCompilerTests.CompileAsync_BindingError_ThrowsQueryExecutionException [1 s]
  Passed DotnetEfCoreMcp.Server.Tests.Tools.EfCoreMcpToolsQueryErrorFormattingTests.RunQuery_WithRoslynEngineAndInvalidCSharp_ReportsACompileErrorHint [1 s]
  Passed DotnetEfCoreMcp.Server.Tests.Tools.EfCoreMcpToolsQueryErrorFormattingTests.RunQuery_WithOutOfProcessModeAndNoHostConfigured_ReportsAServerConfigurationHint [6 ms]
  Passed DotnetEfCoreMcp.Server.Tests.Compilation.QueryCompilerTests.CompileAsync_UnknownAdditionalReferenceAssemblyName_ThrowsInvalidOperationException [10 ms]
  Passed DotnetEfCoreMcp.Server.Tests.Compilation.QueryCompilerTests.CompileAsync_QueryReferencingSandboxedNamespace_ThrowsQueryExecutionException(query: "System.Diagnostics.Process.Start(\"cmd.exe\")", token: "compileboundaryproc1") [41 ms]
  Passed DotnetEfCoreMcp.Server.Tests.Compilation.QueryCompilerTests.CompileAsync_QueryReferencingSandboxedNamespace_ThrowsQueryExecutionException(query: "System.Reflection.Emit.AssemblyBuilder.DefineDynam"···, token: "compileboundaryemit1") [102 ms]
  Passed DotnetEfCoreMcp.Server.Tests.Querying.RoslynQueryExecutorTests.ExecuteAsync_ReadOnlyConnection_ThrowsEvenWhenOptionEnabled [1 s]
  Passed DotnetEfCoreMcp.Server.Tests.Tools.EfCoreMcpToolsSchemaSelectionTests.RunQuery_WhenAnUnexpectedExceptionOccurs_ReturnsRedactedErrorByDefault [1 s]
  Passed DotnetEfCoreMcp.Server.Tests.Tools.EfCoreMcpToolsAccessPolicyTests.RunQuery_AllowedEntityReferencedOnlyByItsDbSetName_Succeeds [689 ms]
  Passed DotnetEfCoreMcp.Server.Tests.Compilation.QueryCompilerTests.CompileAsync_QueryReferencingSandboxedNamespace_ThrowsQueryExecutionException(query: "System.IO.File.ReadAllText(\"C:/secrets.txt\")", token: "compileboundaryio1") [55 ms]
  Passed DotnetEfCoreMcp.Server.Tests.Tools.EfCoreMcpToolsSchemaSelectionTests.GetSchema_AcceptsShortAndFullyQualifiedContextNames [12 ms]
  Passed DotnetEfCoreMcp.Server.Tests.Tools.EfCoreMcpToolsSchemaSelectionTests.GetSchema_WhenAnUnexpectedExceptionOccurs_ReturnsRedactedErrorByDefault [10 ms]
  Passed DotnetEfCoreMcp.Server.Tests.Querying.RoslynQueryExecutorTests.ExecuteAsync_EmptyOrWhitespaceQuery_Throws(query: " \t\r\n ") [38 ms]
  Passed DotnetEfCoreMcp.Server.Tests.Tools.EfCoreMcpToolsSchemaSelectionTests.GetSchema_ReturnsBoundedEntityPageAndContinuationMetadata [21 ms]
  Passed DotnetEfCoreMcp.Server.Tests.Compilation.QueryCompilerTests.CompileAsync_QueryReferencingSandboxedNamespace_ThrowsQueryExecutionException(query: "new System.Net.Http.HttpClient()", token: "compileboundarynet1") [39 ms]
  Passed DotnetEfCoreMcp.Server.Tests.Tools.EfCoreMcpToolsSchemaSelectionTests.GetSchema_WhenAnUnexpectedExceptionOccursAndDiagnosticsAreEnabled_ExposesSafeCategoryOnly [11 ms]
  Passed DotnetEfCoreMcp.Server.Tests.Tools.EfCoreMcpToolsSchemaSelectionTests.GetSchema_WhenContextNameIsOmittedWithMultipleContexts_ListsShortNames [5 ms]
  Passed DotnetEfCoreMcp.Server.Tests.Querying.RoslynQueryExecutorTests.ExecuteAsync_EmptyOrWhitespaceQuery_Throws(query: "") [48 ms]
  Passed DotnetEfCoreMcp.Server.Tests.Tools.EfCoreMcpToolsSchemaSelectionTests.RunQuery_WhenAnUnexpectedExceptionOccursAndDiagnosticsAreEnabled_ExposesSafeCategoryOnly [92 ms]
  Passed DotnetEfCoreMcp.Server.Tests.Tools.EfCoreMcpToolsSchemaSelectionTests.LoadAssembly_WhenExactlyOneContextExists_ReportsDefaultContextHint [4 ms]
  Passed DotnetEfCoreMcp.Server.Tests.Compilation.QueryCompilerTests.CompileAsync_ValidExpressionQuery_ProducesLoadablePeAndPdbBytes [115 ms]
  Passed DotnetEfCoreMcp.Server.Tests.Compilation.QueryCompilerTests.CompileAsync_AlreadyCancelledToken_ThrowsOperationCanceledException [6 ms]
  Passed DotnetEfCoreMcp.Server.Tests.Querying.RoslynQueryExecutorTests.ExecuteAsync_NonProductionReadWriteWithOptionEnabled_AllowsSave [154 ms]
  Passed DotnetEfCoreMcp.Server.Tests.Compilation.QueryCompilerTests.CompileAsync_SyntaxError_ThrowsQueryExecutionExceptionWithSourceRelativeLineNumber [77 ms]
  Passed DotnetEfCoreMcp.Server.Tests.Compilation.QueryCompilerTests.CompileAsync_TargetDbContextDerivesFromIdentityDbContext_CompilesSuccessfully [44 ms]
  Passed DotnetEfCoreMcp.Server.Tests.Compilation.QueryCompilerTests.CompileAsync_NonPositiveTimeout_ThrowsInvalidOperationException [6 ms]
  Passed DotnetEfCoreMcp.Server.Tests.AssemblyLoading.AssemblyReloadWatcherTests.Watcher_Disabled_DoesNotReload_WhenFileChanges [874 ms]
  Passed DotnetEfCoreMcp.Server.Tests.Querying.RoslynQueryExecutorTests.ExecuteAsync_Zip_PairsTwoRootsPositionally [165 ms]
  Passed DotnetEfCoreMcp.Server.Tests.Querying.RoslynQueryExecutorTests.ExecuteAsync_StatementQuery_WithLocalVariable_ReturnsScalar [189 ms]
  Passed DotnetEfCoreMcp.Server.Tests.AssemblyLoading.AssemblyReloadWatcherMultiTargetTests.Watcher_HonorsPerTargetAutoReloadOverride_WhenServerWideDefaultIsDisabled [1 s]
  Passed DotnetEfCoreMcp.Server.Tests.Querying.RoslynQueryExecutorTests.ExecuteAsync_QueryExceedingConfiguredMaximum_Throws [75 ms]
  Passed DotnetEfCoreMcp.Server.Tests.Querying.RoslynQueryExecutorTests.ExecuteAsync_NonGenericOptionsContext_ExecutesQuery [169 ms]
  Passed DotnetEfCoreMcp.Server.Tests.Querying.RoslynQueryExecutorTests.ExecuteAsync_Join_CombinesTwoRoots [241 ms]
  Passed DotnetEfCoreMcp.Server.Tests.Querying.RoslynQueryExecutorTests.ExecuteAsync_HasMoreRows_FalseWhenRowCountExactlyMatchesEffectiveTake [198 ms]
  Passed DotnetEfCoreMcp.Server.Tests.Querying.RoslynQueryExecutorTests.ExecuteAsync_ExpressionQuery_MaterializesCappedProjection [234 ms]
  Passed DotnetEfCoreMcp.Server.Tests.Querying.RoslynQueryExecutorTests.ExecuteAsync_ProductionConnection_ThrowsEvenWhenReadWriteAndOptionEnabled [180 ms]
  Passed DotnetEfCoreMcp.Server.Tests.Querying.RoslynQueryExecutorTests.ExecuteAsync_ParameterlessOnConfiguringContext_OverridesHardcodedConnectionString [245 ms]
  Passed DotnetEfCoreMcp.Server.Tests.Querying.RoslynQueryExecutorTests.ExecuteAsync_AsTracking_OverridesDefaultNoTracking [173 ms]
  Passed DotnetEfCoreMcp.Server.Tests.AssemblyLoading.AssemblyReloadWatcherTests.Watcher_CoalescesRapidSuccessiveWrites_IntoASingleReload [1 s]
  Passed DotnetEfCoreMcp.Server.Tests.Querying.RoslynQueryExecutorTests.ExecuteAsync_MutationsDisabledByOption_ThrowsEvenOnReadWriteNonProductionConnection [194 ms]
  Passed DotnetEfCoreMcp.Server.Tests.Querying.RoslynQueryExecutorTests.ExecuteAsync_DesignTimeFactoryContext_RejectsBeforeCompilation [77 ms]
  Passed DotnetEfCoreMcp.Server.Tests.Querying.RoslynQueryExecutorTests.ExecuteAsync_HasMoreRows_FalseForZeroTakeWithoutMaterializing [162 ms]
  Passed DotnetEfCoreMcp.Server.Tests.AssemblyLoading.AssemblyReloadWatcherTests.Watcher_ReloadsAutomatically_WhenLoadedAssemblyFileChanges [522 ms]
  Passed DotnetEfCoreMcp.Server.Tests.Querying.RoslynQueryExecutorTests.ExecuteAsync_SelectMany_FlattensNavigationProperty [215 ms]
  Passed DotnetEfCoreMcp.Server.Tests.Querying.RoslynQueryExecutorTests.ExecuteAsync_UserQueryException_IsWrappedWithEvaluationMessage [118 ms]
  Passed DotnetEfCoreMcp.Server.Tests.Querying.RoslynQueryExecutorTests.ExecuteAsync_GroupJoin_CombinesTwoRoots [240 ms]
  Passed DotnetEfCoreMcp.Server.Tests.Querying.RoslynQueryExecutorTests.ExecuteAsync_ExcessiveTake_IsCappedToConfiguredMaximum [168 ms]
  Passed DotnetEfCoreMcp.Server.Tests.Querying.RoslynQueryExecutorTests.ExecuteAsync_DefaultNoTracking_DoesNotTrackMaterializedEntities [190 ms]
  Passed DotnetEfCoreMcp.Server.Tests.Querying.OutOfProcessRoslynQueryExecutorTests.PooledMode_Timeout_KillsWorkerAndNextQueryCreatesReplacement [6 s]
  Passed DotnetEfCoreMcp.Server.Tests.Querying.OutOfProcessRoslynQueryExecutorTests.PooledMode_RecyclesWorker_AfterConfiguredQueryLimit [2 s]
  Passed DotnetEfCoreMcp.Server.Tests.Querying.OutOfProcessRoslynQueryExecutorTests.PooledMode_MatchesOneShotCorrectness [4 s]
  Passed DotnetEfCoreMcp.Server.Tests.Querying.OutOfProcessRoslynQueryExecutorTests.ExecuteAsync_StatementQuery_ReturnsScalarFromIsolatedHost [1 s]
  Passed DotnetEfCoreMcp.Server.Tests.Querying.OutOfProcessRoslynQueryExecutorTests.PooledMode_WarmCall_IsMeaningfullyFasterThanFirstCall [1 s]
  Passed DotnetEfCoreMcp.Server.Tests.Querying.OutOfProcessRoslynQueryExecutorTests.ExecuteAsync_SequenceQuery_MaterializesRowsInIsolatedHost [1 s]
  Passed DotnetEfCoreMcp.Server.Tests.Querying.OutOfProcessRoslynQueryExecutorTests.PooledMode_GlobalCap_OverflowsToOneShotFallback [2 s]
  Passed DotnetEfCoreMcp.Server.Tests.Querying.OutOfProcessRoslynQueryExecutorTests.PersistentWorker_SelfTerminates_AfterIdleTimeout [2 s]
[xUnit.net 00:00:26.91]   Finished:    DotnetEfCoreMcp.Server.Tests
  Passed DotnetEfCoreMcp.Server.Tests.Querying.OutOfProcessRoslynQueryExecutorTests.PooledMode_UsesDistinctSubPools_ForDifferentAssemblyPaths [2 s]

Test Run Successful.
Total tests: 310
     Passed: 310
 Total time: 27,3644 Seconds
     1>Done Building Project "C:\repos\dotnet-efcore-mcp.worktrees\remove-legacy-query-update-docs\dotnet-efcore-mcp.slnx" (VSTest target(s)).

Build succeeded.
    0 Warning(s)
    0 Error(s)

Time Elapsed 00:00:28.01
